Copyright 1986-2022 Xilinx, Inc. All Rights Reserved. Copyright 2022-2026 Advanced Micro Devices, Inc. All Rights Reserved.
------------------------------------------------------------------------------------------------------------------------------------------------------------------------------------------------------------------------------------------
| Tool Version : Vivado v.2026.1 (win64) Build 6511674 Tue Jun 16 11:02:23 MDT 2026
| Date         : Mon Sep 14 15:30:11 2026
| Host         : Jinhong running 64-bit major release  (build 9200)
| Command      : report_timing_summary -max_paths 10 -routable_nets -report_unconstrained -file adder_4bit_timing_summary_routed.rpt -pb adder_4bit_timing_summary_routed.pb -rpx adder_4bit_timing_summary_routed.rpx -warn_on_violation
| Design       : adder_4bit
| Device       : 7s75-fgga484
| Speed File   : -1  PRODUCTION 1.23 2018-06-13
| Design State : Routed
------------------------------------------------------------------------------------------------------------------------------------------------------------------------------------------------------------------------------------------

Timing Summary Report

------------------------------------------------------------------------------------------------
| Timer Settings
| --------------
------------------------------------------------------------------------------------------------

  Enable Multi Corner Analysis               :  Yes
  Enable Pessimism Removal                   :  Yes
  Pessimism Removal Resolution               :  Nearest Common Node
  Enable Input Delay Default Clock           :  No
  Enable Preset / Clear Arcs                 :  No
  Disable Flight Delays                      :  No
  Ignore I/O Paths                           :  No
  Timing Early Launch at Borrowing Latches   :  No
  Borrow Time for Max Delay Exceptions       :  Yes
  Merge Timing Exceptions                    :  Yes
  Inter-SLR Compensation                     :  Conservative

  Corner  Analyze    Analyze    
  Name    Max Paths  Min Paths  
  ------  ---------  ---------  
  Slow    Yes        Yes        
  Fast    Yes        Yes        


------------------------------------------------------------------------------------------------
| Report Methodology
| ------------------
------------------------------------------------------------------------------------------------

No report available as report_methodology has not been run prior. Run report_methodology on the current design for the summary of methodology violations.



check_timing report

Table of Contents
-----------------
1. checking no_clock (0)
2. checking constant_clock (0)
3. checking pulse_width_clock (0)
4. checking unconstrained_internal_endpoints (0)
5. checking no_input_delay (0)
6. checking no_output_delay (0)
7. checking multiple_clock (0)
8. checking generated_clocks (0)
9. checking loops (0)
10. checking partial_input_delay (0)
11. checking partial_output_delay (0)
12. checking latch_loops (0)

1. checking no_clock (0)
------------------------
 There are 0 register/latch pins with no clock.


2. checking constant_clock (0)
------------------------------
 There are 0 register/latch pins with constant_clock.


3. checking pulse_width_clock (0)
---------------------------------
 There are 0 register/latch pins which need pulse_width check


4. checking unconstrained_internal_endpoints (0)
------------------------------------------------
 There are 0 pins that are not constrained for maximum delay.

 There are 0 pins that are not constrained for maximum delay due to constant clock.


5. checking no_input_delay (0)
------------------------------
 There are 0 input ports with no input delay specified.

 There are 0 input ports with no input delay but user has a false path constraint.


6. checking no_output_delay (0)
-------------------------------
 There are 0 ports with no output delay specified.

 There are 0 ports with no output delay but user has a false path constraint

 There are 0 ports with no output delay but with a timing clock defined on it or propagating through it


7. checking multiple_clock (0)
------------------------------
 There are 0 register/latch pins with multiple clocks.


8. checking generated_clocks (0)
--------------------------------
 There are 0 generated clocks that are not connected to a clock source.


9. checking loops (0)
---------------------
 There are 0 combinational loops in the design.


10. checking partial_input_delay (0)
------------------------------------
 There are 0 input ports with partial input delay specified.


11. checking partial_output_delay (0)
-------------------------------------
 There are 0 ports with partial output delay specified.


12. checking latch_loops (0)
----------------------------
 There are 0 combinational latch loops in the design through latch input



------------------------------------------------------------------------------------------------
| Design Timing Summary
| ---------------------
------------------------------------------------------------------------------------------------

    WNS(ns)      TNS(ns)  TNS Failing Endpoints  TNS Total Endpoints      WHS(ns)      THS(ns)  THS Failing Endpoints  THS Total Endpoints     WPWS(ns)     TPWS(ns)  TPWS Failing Endpoints  TPWS Total Endpoints  
    -------      -------  ---------------------  -------------------      -------      -------  ---------------------  -------------------     --------     --------  ----------------------  --------------------  
        inf        0.000                      0                    5          inf        0.000                      0                    5           NA           NA                      NA                    NA  


There are no user specified timing constraints.


------------------------------------------------------------------------------------------------
| Clock Summary
| -------------
------------------------------------------------------------------------------------------------


------------------------------------------------------------------------------------------------
| Intra Clock Table
| -----------------
------------------------------------------------------------------------------------------------

Clock             WNS(ns)      TNS(ns)  TNS Failing Endpoints  TNS Total Endpoints      WHS(ns)      THS(ns)  THS Failing Endpoints  THS Total Endpoints     WPWS(ns)     TPWS(ns)  TPWS Failing Endpoints  TPWS Total Endpoints  
-----             -------      -------  ---------------------  -------------------      -------      -------  ---------------------  -------------------     --------     --------  ----------------------  --------------------  


------------------------------------------------------------------------------------------------
| Inter Clock Table
| -----------------
------------------------------------------------------------------------------------------------

From Clock    To Clock          WNS(ns)      TNS(ns)  TNS Failing Endpoints  TNS Total Endpoints      WHS(ns)      THS(ns)  THS Failing Endpoints  THS Total Endpoints  
----------    --------          -------      -------  ---------------------  -------------------      -------      -------  ---------------------  -------------------  


------------------------------------------------------------------------------------------------
| Other Path Groups Table
| -----------------------
------------------------------------------------------------------------------------------------

Path Group    From Clock    To Clock          WNS(ns)      TNS(ns)  TNS Failing Endpoints  TNS Total Endpoints      WHS(ns)      THS(ns)  THS Failing Endpoints  THS Total Endpoints  
----------    ----------    --------          -------      -------  ---------------------  -------------------      -------      -------  ---------------------  -------------------  


------------------------------------------------------------------------------------------------
| User Ignored Path Table
| -----------------------
------------------------------------------------------------------------------------------------

Path Group    From Clock    To Clock    
----------    ----------    --------    


------------------------------------------------------------------------------------------------
| Unconstrained Path Table
| ------------------------
------------------------------------------------------------------------------------------------

Path Group    From Clock    To Clock    
----------    ----------    --------    
(none)                                    


------------------------------------------------------------------------------------------------
| Timing Details
| --------------
------------------------------------------------------------------------------------------------


--------------------------------------------------------------------------------------
Path Group:  (none)
From Clock:  
  To Clock:  

Max Delay             5 Endpoints
Min Delay             5 Endpoints
--------------------------------------------------------------------------------------


Max Delay Paths
--------------------------------------------------------------------------------------
Slack:                    inf
  Source:                 a[0]
                            (input port)
  Destination:            cout
                            (output port)
  Path Group:             (none)
  Path Type:              Max at Slow Process Corner
  Data Path Delay:        12.109ns  (logic 5.501ns (45.433%)  route 6.607ns (54.567%))
  Logic Levels:           4  (IBUF=1 LUT3=1 LUT6=1 OBUF=1)

    Location             Delay type                Incr(ns)  Path(ns)    Netlist Resource(s)
  -------------------------------------------------------------------    -------------------
    T1                                                0.000     0.000 r  a[0]
                         net (fo=0)                   0.000     0.000    a[0]
    T1                   IBUF (Prop_ibuf_I_O)         1.496     1.496 r  a_IBUF[0]_inst/O
                         net (fo=4, routed)           2.358     3.854    a_IBUF[0]
    SLICE_X85Y87         LUT6 (Prop_lut6_I3_O)        0.124     3.978 r  s_OBUF[3]_inst_i_2/O
                         net (fo=2, routed)           1.348     5.326    s_OBUF[3]_inst_i_2_n_0
    SLICE_X85Y97         LUT3 (Prop_lut3_I2_O)        0.152     5.478 r  cout_OBUF_inst_i_1/O
                         net (fo=1, routed)           2.901     8.379    cout_OBUF
    L4                   OBUF (Prop_obuf_I_O)         3.729    12.109 r  cout_OBUF_inst/O
                         net (fo=0)                   0.000    12.109    cout
    L4                                                                r  cout
  -------------------------------------------------------------------    -------------------

Slack:                    inf
  Source:                 a[0]
                            (input port)
  Destination:            s[3]
                            (output port)
  Path Group:             (none)
  Path Type:              Max at Slow Process Corner
  Data Path Delay:        11.537ns  (logic 5.272ns (45.700%)  route 6.265ns (54.300%))
  Logic Levels:           4  (IBUF=1 LUT3=1 LUT6=1 OBUF=1)

    Location             Delay type                Incr(ns)  Path(ns)    Netlist Resource(s)
  -------------------------------------------------------------------    -------------------
    T1                                                0.000     0.000 r  a[0]
                         net (fo=0)                   0.000     0.000    a[0]
    T1                   IBUF (Prop_ibuf_I_O)         1.496     1.496 r  a_IBUF[0]_inst/O
                         net (fo=4, routed)           2.358     3.854    a_IBUF[0]
    SLICE_X85Y87         LUT6 (Prop_lut6_I3_O)        0.124     3.978 r  s_OBUF[3]_inst_i_2/O
                         net (fo=2, routed)           1.348     5.326    s_OBUF[3]_inst_i_2_n_0
    SLICE_X85Y97         LUT3 (Prop_lut3_I0_O)        0.124     5.450 r  s_OBUF[3]_inst_i_1/O
                         net (fo=1, routed)           2.559     8.009    s_OBUF[3]
    M4                   OBUF (Prop_obuf_I_O)         3.528    11.537 r  s_OBUF[3]_inst/O
                         net (fo=0)                   0.000    11.537    s[3]
    M4                                                                r  s[3]
  -------------------------------------------------------------------    -------------------

Slack:                    inf
  Source:                 a[0]
                            (input port)
  Destination:            s[0]
                            (output port)
  Path Group:             (none)
  Path Type:              Max at Slow Process Corner
  Data Path Delay:        10.777ns  (logic 5.374ns (49.869%)  route 5.403ns (50.131%))
  Logic Levels:           3  (IBUF=1 LUT2=1 OBUF=1)

    Location             Delay type                Incr(ns)  Path(ns)    Netlist Resource(s)
  -------------------------------------------------------------------    -------------------
    T1                                                0.000     0.000 r  a[0]
                         net (fo=0)                   0.000     0.000    a[0]
    T1                   IBUF (Prop_ibuf_I_O)         1.496     1.496 r  a_IBUF[0]_inst/O
                         net (fo=4, routed)           2.358     3.854    a_IBUF[0]
    SLICE_X85Y87         LUT2 (Prop_lut2_I0_O)        0.152     4.006 r  s_OBUF[0]_inst_i_1/O
                         net (fo=1, routed)           3.045     7.050    s_OBUF[0]
    M7                   OBUF (Prop_obuf_I_O)         3.726    10.777 r  s_OBUF[0]_inst/O
                         net (fo=0)                   0.000    10.777    s[0]
    M7                                                                r  s[0]
  -------------------------------------------------------------------    -------------------

Slack:                    inf
  Source:                 a[0]
                            (input port)
  Destination:            s[2]
                            (output port)
  Path Group:             (none)
  Path Type:              Max at Slow Process Corner
  Data Path Delay:        9.906ns  (logic 5.163ns (52.116%)  route 4.743ns (47.884%))
  Logic Levels:           3  (IBUF=1 LUT6=1 OBUF=1)

    Location             Delay type                Incr(ns)  Path(ns)    Netlist Resource(s)
  -------------------------------------------------------------------    -------------------
    T1                                                0.000     0.000 r  a[0]
                         net (fo=0)                   0.000     0.000    a[0]
    T1                   IBUF (Prop_ibuf_I_O)         1.496     1.496 r  a_IBUF[0]_inst/O
                         net (fo=4, routed)           2.042     3.538    a_IBUF[0]
    SLICE_X85Y87         LUT6 (Prop_lut6_I1_O)        0.124     3.662 r  s_OBUF[2]_inst_i_1/O
                         net (fo=1, routed)           2.701     6.363    s_OBUF[2]
    M2                   OBUF (Prop_obuf_I_O)         3.543     9.906 r  s_OBUF[2]_inst/O
                         net (fo=0)                   0.000     9.906    s[2]
    M2                                                                r  s[2]
  -------------------------------------------------------------------    -------------------

Slack:                    inf
  Source:                 a[0]
                            (input port)
  Destination:            s[1]
                            (output port)
  Path Group:             (none)
  Path Type:              Max at Slow Process Corner
  Data Path Delay:        9.756ns  (logic 5.144ns (52.731%)  route 4.611ns (47.269%))
  Logic Levels:           3  (IBUF=1 LUT4=1 OBUF=1)

    Location             Delay type                Incr(ns)  Path(ns)    Netlist Resource(s)
  -------------------------------------------------------------------    -------------------
    T1                                                0.000     0.000 r  a[0]
                         net (fo=0)                   0.000     0.000    a[0]
    T1                   IBUF (Prop_ibuf_I_O)         1.496     1.496 r  a_IBUF[0]_inst/O
                         net (fo=4, routed)           2.358     3.854    a_IBUF[0]
    SLICE_X85Y87         LUT4 (Prop_lut4_I0_O)        0.124     3.978 r  s_OBUF[1]_inst_i_1/O
                         net (fo=1, routed)           2.253     6.231    s_OBUF[1]
    N7                   OBUF (Prop_obuf_I_O)         3.524     9.756 r  s_OBUF[1]_inst/O
                         net (fo=0)                   0.000     9.756    s[1]
    N7                                                                r  s[1]
  -------------------------------------------------------------------    -------------------





Min Delay Paths
--------------------------------------------------------------------------------------
Slack:                    inf
  Source:                 b[0]
                            (input port)
  Destination:            s[1]
                            (output port)
  Path Group:             (none)
  Path Type:              Min at Fast Process Corner
  Data Path Delay:        2.608ns  (logic 1.529ns (58.625%)  route 1.079ns (41.375%))
  Logic Levels:           3  (IBUF=1 LUT4=1 OBUF=1)

    Location             Delay type                Incr(ns)  Path(ns)    Netlist Resource(s)
  -------------------------------------------------------------------    -------------------
    U4                                                0.000     0.000 r  b[0]
                         net (fo=0)                   0.000     0.000    b[0]
    U4                   IBUF (Prop_ibuf_I_O)         0.259     0.259 r  b_IBUF[0]_inst/O
                         net (fo=4, routed)           0.498     0.757    b_IBUF[0]
    SLICE_X85Y87         LUT4 (Prop_lut4_I1_O)        0.045     0.802 r  s_OBUF[1]_inst_i_1/O
                         net (fo=1, routed)           0.581     1.383    s_OBUF[1]
    N7                   OBUF (Prop_obuf_I_O)         1.225     2.608 r  s_OBUF[1]_inst/O
                         net (fo=0)                   0.000     2.608    s[1]
    N7                                                                r  s[1]
  -------------------------------------------------------------------    -------------------

Slack:                    inf
  Source:                 b[3]
                            (input port)
  Destination:            s[3]
                            (output port)
  Path Group:             (none)
  Path Type:              Min at Fast Process Corner
  Data Path Delay:        2.706ns  (logic 1.580ns (58.407%)  route 1.125ns (41.593%))
  Logic Levels:           3  (IBUF=1 LUT3=1 OBUF=1)

    Location             Delay type                Incr(ns)  Path(ns)    Netlist Resource(s)
  -------------------------------------------------------------------    -------------------
    W4                                                0.000     0.000 r  b[3]
                         net (fo=0)                   0.000     0.000    b[3]
    W4                   IBUF (Prop_ibuf_I_O)         0.306     0.306 r  b_IBUF[3]_inst/O
                         net (fo=2, routed)           0.375     0.681    b_IBUF[3]
    SLICE_X85Y97         LUT3 (Prop_lut3_I1_O)        0.045     0.726 r  s_OBUF[3]_inst_i_1/O
                         net (fo=1, routed)           0.751     1.477    s_OBUF[3]
    M4                   OBUF (Prop_obuf_I_O)         1.229     2.706 r  s_OBUF[3]_inst/O
                         net (fo=0)                   0.000     2.706    s[3]
    M4                                                                r  s[3]
  -------------------------------------------------------------------    -------------------

Slack:                    inf
  Source:                 b[1]
                            (input port)
  Destination:            s[2]
                            (output port)
  Path Group:             (none)
  Path Type:              Min at Fast Process Corner
  Data Path Delay:        2.782ns  (logic 1.584ns (56.947%)  route 1.198ns (43.053%))
  Logic Levels:           3  (IBUF=1 LUT6=1 OBUF=1)

    Location             Delay type                Incr(ns)  Path(ns)    Netlist Resource(s)
  -------------------------------------------------------------------    -------------------
    V4                                                0.000     0.000 r  b[1]
                         net (fo=0)                   0.000     0.000    b[1]
    V4                   IBUF (Prop_ibuf_I_O)         0.296     0.296 r  b_IBUF[1]_inst/O
                         net (fo=3, routed)           0.434     0.730    b_IBUF[1]
    SLICE_X85Y87         LUT6 (Prop_lut6_I3_O)        0.045     0.775 r  s_OBUF[2]_inst_i_1/O
                         net (fo=1, routed)           0.764     1.539    s_OBUF[2]
    M2                   OBUF (Prop_obuf_I_O)         1.243     2.782 r  s_OBUF[2]_inst/O
                         net (fo=0)                   0.000     2.782    s[2]
    M2                                                                r  s[2]
  -------------------------------------------------------------------    -------------------

Slack:                    inf
  Source:                 b[3]
                            (input port)
  Destination:            cout
                            (output port)
  Path Group:             (none)
  Path Type:              Min at Fast Process Corner
  Data Path Delay:        2.878ns  (logic 1.642ns (57.053%)  route 1.236ns (42.947%))
  Logic Levels:           3  (IBUF=1 LUT3=1 OBUF=1)

    Location             Delay type                Incr(ns)  Path(ns)    Netlist Resource(s)
  -------------------------------------------------------------------    -------------------
    W4                                                0.000     0.000 r  b[3]
                         net (fo=0)                   0.000     0.000    b[3]
    W4                   IBUF (Prop_ibuf_I_O)         0.306     0.306 r  b_IBUF[3]_inst/O
                         net (fo=2, routed)           0.375     0.681    b_IBUF[3]
    SLICE_X85Y97         LUT3 (Prop_lut3_I0_O)        0.046     0.727 r  cout_OBUF_inst_i_1/O
                         net (fo=1, routed)           0.861     1.588    cout_OBUF
    L4                   OBUF (Prop_obuf_I_O)         1.290     2.878 r  cout_OBUF_inst/O
                         net (fo=0)                   0.000     2.878    cout
    L4                                                                r  cout
  -------------------------------------------------------------------    -------------------

Slack:                    inf
  Source:                 b[0]
                            (input port)
  Destination:            s[0]
                            (output port)
  Path Group:             (none)
  Path Type:              Min at Fast Process Corner
  Data Path Delay:        3.029ns  (logic 1.594ns (52.640%)  route 1.434ns (47.360%))
  Logic Levels:           3  (IBUF=1 LUT2=1 OBUF=1)

    Location             Delay type                Incr(ns)  Path(ns)    Netlist Resource(s)
  -------------------------------------------------------------------    -------------------
    U4                                                0.000     0.000 r  b[0]
                         net (fo=0)                   0.000     0.000    b[0]
    U4                   IBUF (Prop_ibuf_I_O)         0.259     0.259 r  b_IBUF[0]_inst/O
                         net (fo=4, routed)           0.498     0.757    b_IBUF[0]
    SLICE_X85Y87         LUT2 (Prop_lut2_I1_O)        0.048     0.805 r  s_OBUF[0]_inst_i_1/O
                         net (fo=1, routed)           0.937     1.741    s_OBUF[0]
    M7                   OBUF (Prop_obuf_I_O)         1.287     3.029 r  s_OBUF[0]_inst/O
                         net (fo=0)                   0.000     3.029    s[0]
    M7                                                                r  s[0]
  -------------------------------------------------------------------    -------------------





